// Jest Snapshot v1, https://goo.gl/fbAQLP

exports[`matches snapshot 1`] = `
<div
  className="card card-body"
>
  <div>
    Player 
    1
    <div
      className="progress"
    >
      <div
        aria-valuemax={10}
        aria-valuemin="0"
        aria-valuenow={1}
        className="progress-bar"
        role="progressbar"
        style={
          Object {
            "width": "10%",
          }
        }
      >
        1
      </div>
    </div>
  </div>
  <div>
    Player 
    2
    <div
      className="progress"
    >
      <div
        aria-valuemax={10}
        aria-valuemin="0"
        aria-valuenow={0.5}
        className="progress-bar"
        role="progressbar"
        style={
          Object {
            "width": "5%",
          }
        }
      >
        0
      </div>
    </div>
  </div>
</div>
`;
